[0m15:44:54.517410 [debug] [MainThread]: Sending event: {'category': 'dbt', 'action': 'invocation', 'label': 'start', 'context': [<snowplow_tracker.self_describing_json.SelfDescribingJson object at 0x000001AC5E76A270>, <snowplow_tracker.self_describing_json.SelfDescribingJson object at 0x000001AC5B4C74D0>, <snowplow_tracker.self_describing_json.SelfDescribingJson object at 0x000001AC5FB1FB10>]}


============================== 15:44:54.524017 | 17137299-9dcf-4115-9608-9eaac6a3ac35 ==============================
[0m15:44:54.524017 [info ] [MainThread]: Running with dbt=1.11.11
[0m15:44:54.524741 [debug] [MainThread]: running dbt with arguments {'static_parser': 'True', 'no_print': 'None', 'version_check': 'True', 'target_path': 'None', 'warn_error_options': 'WarnErrorOptionsV2(error=[], warn=[], silence=[])', 'printer_width': '80', 'write_json': 'True', 'introspect': 'True', 'log_cache_events': 'False', 'empty': 'None', 'cache_selected_only': 'False', 'fail_fast': 'False', 'debug': 'False', 'log_format': 'default', 'partial_parse': 'True', 'send_anonymous_usage_stats': 'True', 'quiet': 'False', 'warn_error': 'None', 'profiles_dir': 'C:\\Users\\P450118\\.dbt', 'use_colors': 'True', 'indirect_selection': 'eager', 'invocation_command': 'dbt init dbt-healthcare-dwh', 'use_experimental_parser': 'False', 'log_path': 'logs'}
[0m15:44:54.543985 [info ] [MainThread]: Creating dbt configuration folder at C:\Users\P450118\.dbt
[0m15:45:18.963246 [debug] [MainThread]: Starter project path: c:\Users\P450118\OneDrive - BAWAG Group\Documents\python\healthcare-dwh\.venv\Lib\site-packages\dbt\include\starter_project
[0m15:45:19.021247 [info ] [MainThread]: 
Your new dbt project "dwh_healthcare" was created!

For more information on how to configure the profiles.yml file,
please consult the dbt documentation here:

  https://docs.getdbt.com/docs/configure-your-profile

One more thing:

Need help? Don't hesitate to reach out to us via GitHub issues or on Slack:

  https://community.getdbt.com/

Happy modeling!

[0m15:45:19.022864 [info ] [MainThread]: Setting up your profile.
[0m15:45:19.025147 [error] [MainThread]: Encountered an error:
Runtime Error
  No adapters available. Learn how to install an adapter by going to https://docs.getdbt.com/docs/connect-adapters#install-using-the-cli
[0m15:45:19.027229 [debug] [MainThread]: Command `dbt init` failed at 15:45:19.026921 after 24.63 seconds
[0m15:45:19.028080 [debug] [MainThread]: Sending event: {'category': 'dbt', 'action': 'invocation', 'label': 'end', 'context': [<snowplow_tracker.self_describing_json.SelfDescribingJson object at 0x000001AC5FB335C0>, <snowplow_tracker.self_describing_json.SelfDescribingJson object at 0x000001AC60B82C30>, <snowplow_tracker.self_describing_json.SelfDescribingJson object at 0x000001AC5FB5DBF0>]}
[0m15:45:19.028814 [debug] [MainThread]: Flushing usage events
[0m15:45:19.778131 [debug] [MainThread]: An error was encountered while trying to flush usage events
